; ModuleID = 'gROOT'
source_filename = "gROOT"

%anon1_struct = type { i32 (i32, i32)*, i32 }
%anon2_struct = type { i32 (i32)*, i32 }
%anon0_struct = type { %anon1_struct* (i32, i32)*, i32 }

@fmt = private unnamed_addr constant [4 x i8] c"%d\0A\00", align 1
@boolT = private unnamed_addr constant [3 x i8] c"#t\00", align 1
@boolF = private unnamed_addr constant [3 x i8] c"#f\00", align 1
@_anon0_1 = global %anon1_struct* (i32, i32)* null
@_anon1_1 = global i32 (i32, i32)* null
@_anon2_1 = global i32 (i32)* null
@_retx_1 = global %anon2_struct* null
@_testAB_1 = global %anon0_struct* null
@_x_2 = global i32 0
@_x_1 = global i32 0

declare i32 @printf(i8*, ...)

declare i32 @puts(i8*)

define i32 @main() {
entry:
  store i32 17, i32* @_x_1
  %gstruct = alloca %anon0_struct
  %funcField = getelementptr inbounds %anon0_struct, %anon0_struct* %gstruct, i32 0, i32 0
  store %anon1_struct* (i32, i32)* @anon0, %anon1_struct* (i32, i32)** %funcField
  %_x_1 = load i32, i32* @_x_1
  %freeField = getelementptr inbounds %anon0_struct, %anon0_struct* %gstruct, i32 0, i32 1
  store i32 %_x_1, i32* %freeField
  store %anon0_struct* %gstruct, %anon0_struct** @_testAB_1
  %_testAB_1 = load %anon0_struct*, %anon0_struct** @_testAB_1
  %freePtr = getelementptr inbounds %anon0_struct, %anon0_struct* %_testAB_1, i32 0, i32 1
  %freeVal = load i32, i32* %freePtr
  %function_access = getelementptr inbounds %anon0_struct, %anon0_struct* %_testAB_1, i32 0, i32 0
  %function_call = load %anon1_struct* (i32, i32)*, %anon1_struct* (i32, i32)** %function_access
  %function_result = call %anon1_struct* %function_call(i32 5, i32 %freeVal)
  %_testAB_11 = load %anon0_struct*, %anon0_struct** @_testAB_1
  %freePtr2 = getelementptr inbounds %anon0_struct, %anon0_struct* %_testAB_11, i32 0, i32 1
  %freeVal3 = load i32, i32* %freePtr2
  %function_access4 = getelementptr inbounds %anon0_struct, %anon0_struct* %_testAB_11, i32 0, i32 0
  %function_call5 = load %anon1_struct* (i32, i32)*, %anon1_struct* (i32, i32)** %function_access4
  %function_result6 = call %anon1_struct* %function_call5(i32 20, i32 %freeVal3)
  %freePtr7 = getelementptr inbounds %anon1_struct, %anon1_struct* %function_result6, i32 0, i32 1
  %freeVal8 = load i32, i32* %freePtr7
  %function_access9 = getelementptr inbounds %anon1_struct, %anon1_struct* %function_result6, i32 0, i32 0
  %function_call10 = load i32 (i32, i32)*, i32 (i32, i32)** %function_access9
  %function_result11 = call i32 %function_call10(i32 12, i32 %freeVal8)
  %_testAB_112 = load %anon0_struct*, %anon0_struct** @_testAB_1
  %freePtr13 = getelementptr inbounds %anon0_struct, %anon0_struct* %_testAB_112, i32 0, i32 1
  %freeVal14 = load i32, i32* %freePtr13
  %function_access15 = getelementptr inbounds %anon0_struct, %anon0_struct* %_testAB_112, i32 0, i32 0
  %function_call16 = load %anon1_struct* (i32, i32)*, %anon1_struct* (i32, i32)** %function_access15
  %function_result17 = call %anon1_struct* %function_call16(i32 20, i32 %freeVal14)
  %freePtr18 = getelementptr inbounds %anon1_struct, %anon1_struct* %function_result17, i32 0, i32 1
  %freeVal19 = load i32, i32* %freePtr18
  %function_access20 = getelementptr inbounds %anon1_struct, %anon1_struct* %function_result17, i32 0, i32 0
  %function_call21 = load i32 (i32, i32)*, i32 (i32, i32)** %function_access20
  %function_result22 = call i32 %function_call21(i32 12, i32 %freeVal19)
  %printi = call i32 (i8*, ...) @printf(i8* getelementptr inbounds ([4 x i8], [4 x i8]* @fmt, i32 0, i32 0), i32 %function_result22)
  store i32 42, i32* @_x_2
  %gstruct23 = alloca %anon2_struct
  %funcField24 = getelementptr inbounds %anon2_struct, %anon2_struct* %gstruct23, i32 0, i32 0
  store i32 (i32)* @anon2, i32 (i32)** %funcField24
  %_x_2 = load i32, i32* @_x_2
  %freeField25 = getelementptr inbounds %anon2_struct, %anon2_struct* %gstruct23, i32 0, i32 1
  store i32 %_x_2, i32* %freeField25
  store %anon2_struct* %gstruct23, %anon2_struct** @_retx_1
  %_retx_1 = load %anon2_struct*, %anon2_struct** @_retx_1
  %freePtr26 = getelementptr inbounds %anon2_struct, %anon2_struct* %_retx_1, i32 0, i32 1
  %freeVal27 = load i32, i32* %freePtr26
  %function_access28 = getelementptr inbounds %anon2_struct, %anon2_struct* %_retx_1, i32 0, i32 0
  %function_call29 = load i32 (i32)*, i32 (i32)** %function_access28
  %function_result30 = call i32 %function_call29(i32 %freeVal27)
  %printi31 = call i32 (i8*, ...) @printf(i8* getelementptr inbounds ([4 x i8], [4 x i8]* @fmt, i32 0, i32 0), i32 %function_result30)
  ret i32 0
}

define i32 @anon2(i32 %_x_2) {
entry:
  %_x_21 = alloca i32
  store i32 %_x_2, i32* %_x_21
  %_x_22 = load i32, i32* %_x_21
  ret i32 %_x_22
}

define %anon1_struct* @anon0(i32 %a, i32 %_x_1) {
entry:
  %a1 = alloca i32
  store i32 %a, i32* %a1
  %_x_12 = alloca i32
  store i32 %_x_1, i32* %_x_12
  %gstruct = alloca %anon1_struct
  %funcField = getelementptr inbounds %anon1_struct, %anon1_struct* %gstruct, i32 0, i32 0
  store i32 (i32, i32)* @anon1, i32 (i32, i32)** %funcField
  %_x_13 = load i32, i32* %_x_12
  %freeField = getelementptr inbounds %anon1_struct, %anon1_struct* %gstruct, i32 0, i32 1
  store i32 %_x_13, i32* %freeField
  ret %anon1_struct* %gstruct
}

define i32 @anon1(i32 %b, i32 %_x_1) {
entry:
  %b1 = alloca i32
  store i32 %b, i32* %b1
  %_x_12 = alloca i32
  store i32 %_x_1, i32* %_x_12
  %_x_13 = load i32, i32* %_x_12
  ret i32 %_x_13
}
