; ModuleID = 'gROOT'
source_filename = "gROOT"

%anon0_struct = type { i32 ()* }
%anon2_struct = type { i32 (i32)*, i32 }
%anon1_struct = type { i32 (%anon0_struct*)*, %anon0_struct* }
%anon4_struct = type { i32 ()* }
%anon3_struct = type { i32 (i32, %anon2_struct*)*, %anon2_struct* }

@fmt = private unnamed_addr constant [4 x i8] c"%d\0A\00", align 1
@boolT = private unnamed_addr constant [3 x i8] c"#t\00", align 1
@boolF = private unnamed_addr constant [3 x i8] c"#f\00", align 1
@_anon0_1 = global i32 ()* null
@_anon1_1 = global i32 (%anon0_struct*)* null
@_anon2_1 = global i32 (i32)* null
@_anon3_1 = global i32 (i32, %anon2_struct*)* null
@_anon4_1 = global i32 ()* null
@_call4_1 = global %anon1_struct* null
@_ret4_2 = global %anon4_struct* null
@_ret4_1 = global %anon0_struct* null
@_retx_1 = global %anon2_struct* null
@_takenthenx_1 = global %anon3_struct* null
@_x_1 = global i32 0

declare i32 @printf(i8*, ...)

declare i32 @puts(i8*)

define i32 @main() {
entry:
  %gstruct = alloca %anon0_struct
  %funcField = getelementptr inbounds %anon0_struct, %anon0_struct* %gstruct, i32 0, i32 0
  store i32 ()* @anon0, i32 ()** %funcField
  store %anon0_struct* %gstruct, %anon0_struct** @_ret4_1
  %gstruct1 = alloca %anon1_struct
  %funcField2 = getelementptr inbounds %anon1_struct, %anon1_struct* %gstruct1, i32 0, i32 0
  store i32 (%anon0_struct*)* @anon1, i32 (%anon0_struct*)** %funcField2
  %_ret4_1 = load %anon0_struct*, %anon0_struct** @_ret4_1
  %freeField = getelementptr inbounds %anon1_struct, %anon1_struct* %gstruct1, i32 0, i32 1
  store %anon0_struct* %_ret4_1, %anon0_struct** %freeField
  store %anon1_struct* %gstruct1, %anon1_struct** @_call4_1
  %_call4_1 = load %anon1_struct*, %anon1_struct** @_call4_1
  %freePtr = getelementptr inbounds %anon1_struct, %anon1_struct* %_call4_1, i32 0, i32 1
  %freeVal = load %anon0_struct*, %anon0_struct** %freePtr
  %function_access = getelementptr inbounds %anon1_struct, %anon1_struct* %_call4_1, i32 0, i32 0
  %function_call = load i32 (%anon0_struct*)*, i32 (%anon0_struct*)** %function_access
  %function_result = call i32 %function_call(%anon0_struct* %freeVal)
  %printi = call i32 (i8*, ...) @printf(i8* getelementptr inbounds ([4 x i8], [4 x i8]* @fmt, i32 0, i32 0), i32 %function_result)
  store i32 17, i32* @_x_1
  %gstruct3 = alloca %anon2_struct
  %funcField4 = getelementptr inbounds %anon2_struct, %anon2_struct* %gstruct3, i32 0, i32 0
  store i32 (i32)* @anon2, i32 (i32)** %funcField4
  %_x_1 = load i32, i32* @_x_1
  %freeField5 = getelementptr inbounds %anon2_struct, %anon2_struct* %gstruct3, i32 0, i32 1
  store i32 %_x_1, i32* %freeField5
  store %anon2_struct* %gstruct3, %anon2_struct** @_retx_1
  %gstruct6 = alloca %anon3_struct
  %funcField7 = getelementptr inbounds %anon3_struct, %anon3_struct* %gstruct6, i32 0, i32 0
  store i32 (i32, %anon2_struct*)* @anon3, i32 (i32, %anon2_struct*)** %funcField7
  %_retx_1 = load %anon2_struct*, %anon2_struct** @_retx_1
  %freeField8 = getelementptr inbounds %anon3_struct, %anon3_struct* %gstruct6, i32 0, i32 1
  store %anon2_struct* %_retx_1, %anon2_struct** %freeField8
  store %anon3_struct* %gstruct6, %anon3_struct** @_takenthenx_1
  %_takenthenx_1 = load %anon3_struct*, %anon3_struct** @_takenthenx_1
  %freePtr9 = getelementptr inbounds %anon3_struct, %anon3_struct* %_takenthenx_1, i32 0, i32 1
  %freeVal10 = load %anon2_struct*, %anon2_struct** %freePtr9
  %function_access11 = getelementptr inbounds %anon3_struct, %anon3_struct* %_takenthenx_1, i32 0, i32 0
  %function_call12 = load i32 (i32, %anon2_struct*)*, i32 (i32, %anon2_struct*)** %function_access11
  %function_result13 = call i32 %function_call12(i32 9, %anon2_struct* %freeVal10)
  %printi14 = call i32 (i8*, ...) @printf(i8* getelementptr inbounds ([4 x i8], [4 x i8]* @fmt, i32 0, i32 0), i32 %function_result13)
  %gstruct15 = alloca %anon4_struct
  %funcField16 = getelementptr inbounds %anon4_struct, %anon4_struct* %gstruct15, i32 0, i32 0
  store i32 ()* @anon4, i32 ()** %funcField16
  store %anon4_struct* %gstruct15, %anon4_struct** @_ret4_2
  %_ret4_2 = load %anon4_struct*, %anon4_struct** @_ret4_2
  %function_access17 = getelementptr inbounds %anon4_struct, %anon4_struct* %_ret4_2, i32 0, i32 0
  %function_call18 = load i32 ()*, i32 ()** %function_access17
  %function_result19 = call i32 %function_call18()
  %printi20 = call i32 (i8*, ...) @printf(i8* getelementptr inbounds ([4 x i8], [4 x i8]* @fmt, i32 0, i32 0), i32 %function_result19)
  ret i32 0
}

define i32 @anon4() {
entry:
  ret i32 16
}

define i32 @anon3(i32 %n, %anon2_struct* %_retx_1) {
entry:
  %n1 = alloca i32
  store i32 %n, i32* %n1
  %_retx_12 = alloca %anon2_struct*
  store %anon2_struct* %_retx_1, %anon2_struct** %_retx_12
  %_retx_13 = load %anon2_struct*, %anon2_struct** %_retx_12
  %freePtr = getelementptr inbounds %anon2_struct, %anon2_struct* %_retx_13, i32 0, i32 1
  %freeVal = load i32, i32* %freePtr
  %function_access = getelementptr inbounds %anon2_struct, %anon2_struct* %_retx_13, i32 0, i32 0
  %function_call = load i32 (i32)*, i32 (i32)** %function_access
  %function_result = call i32 %function_call(i32 %freeVal)
  ret i32 %function_result
}

define i32 @anon2(i32 %_x_1) {
entry:
  %_x_11 = alloca i32
  store i32 %_x_1, i32* %_x_11
  %_x_12 = load i32, i32* %_x_11
  ret i32 %_x_12
}

define i32 @anon1(%anon0_struct* %_ret4_1) {
entry:
  %_ret4_11 = alloca %anon0_struct*
  store %anon0_struct* %_ret4_1, %anon0_struct** %_ret4_11
  %_ret4_12 = load %anon0_struct*, %anon0_struct** %_ret4_11
  %function_access = getelementptr inbounds %anon0_struct, %anon0_struct* %_ret4_12, i32 0, i32 0
  %function_call = load i32 ()*, i32 ()** %function_access
  %function_result = call i32 %function_call()
  ret i32 %function_result
}

define i32 @anon0() {
entry:
  ret i32 4
}
